  {'type': 'string_type', 'loc': ('response', 'synced_at'), 'msg': 'Input should be a valid string', 'input': datetime.datetime(2026, 5, 1, 16, 53, 6, 143591)}

  File "C:\Users\hecol\Documents\New project 3\glucotracker\backend\glucotracker\api\routers\activity.py", line 103, in sync_activity
    POST /activity/sync
←[32mINFO←[0m:     192.168.3.15:49978 - "←[1mPOST /activity/sync HTTP/1.1←[0m" ←[91m500 Internal Server Error←[0m
←[31mERROR←[0m:    Exception in ASGI application
Traceback (most recent call last):
  File "C:\Users\hecol\Documents\New project 3\glucotracker\backend\.venv\Lib\site-packages\uvicorn\protocols\http\h11_impl.py", line 415, in run_asgi
    result = await app(  # type: ignore[func-returns-value]
             ^^^^^^^^^^^^^^^^^^^^^^^^^^^^^^^^^^^^^^^^^^^^^^
  File "C:\Users\hecol\Documents\New project 3\glucotracker\backend\.venv\Lib\site-packages\uvicorn\middleware\proxy_headers.py", line 56, in __call__
    return await self.app(scope, receive, send)
           ^^^^^^^^^^^^^^^^^^^^^^^^^^^^^^^^^^^^
  File "C:\Users\hecol\Documents\New project 3\glucotracker\backend\.venv\Lib\site-packages\fastapi\applications.py", line 1159, in __call__
    await super().__call__(scope, receive, send)
  File "C:\Users\hecol\Documents\New project 3\glucotracker\backend\.venv\Lib\site-packages\starlette\applications.py", line 90, in __call__
    await self.middleware_stack(scope, receive, send)
  File "C:\Users\hecol\Documents\New project 3\glucotracker\backend\.venv\Lib\site-packages\starlette\middleware\errors.py", line 186, in __call__
    raise exc
  File "C:\Users\hecol\Documents\New project 3\glucotracker\backend\.venv\Lib\site-packages\starlette\middleware\errors.py", line 164, in __call__
    await self.app(scope, receive, _send)
  File "C:\Users\hecol\Documents\New project 3\glucotracker\backend\.venv\Lib\site-packages\starlette\middleware\exceptions.py", line 63, in __call__
    await wrap_app_handling_exceptions(self.app, conn)(scope, receive, send)
  File "C:\Users\hecol\Documents\New project 3\glucotracker\backend\.venv\Lib\site-packages\starlette\_exception_handler.py", line 53, in wrapped_app
    raise exc
  File "C:\Users\hecol\Documents\New project 3\glucotracker\backend\.venv\Lib\site-packages\starlette\_exception_handler.py", line 42, in wrapped_app
    await app(scope, receive, sender)
  File "C:\Users\hecol\Documents\New project 3\glucotracker\backend\.venv\Lib\site-packages\fastapi\middleware\asyncexitstack.py", line 18, in __call__
    await self.app(scope, receive, send)
  File "C:\Users\hecol\Documents\New project 3\glucotracker\backend\.venv\Lib\site-packages\starlette\routing.py", line 660, in __call__
    await self.middleware_stack(scope, receive, send)
  File "C:\Users\hecol\Documents\New project 3\glucotracker\backend\.venv\Lib\site-packages\starlette\routing.py", line 680, in app
    await route.handle(scope, receive, send)
  File "C:\Users\hecol\Documents\New project 3\glucotracker\backend\.venv\Lib\site-packages\starlette\routing.py", line 276, in handle
    await self.app(scope, receive, send)
  File "C:\Users\hecol\Documents\New project 3\glucotracker\backend\.venv\Lib\site-packages\fastapi\routing.py", line 134, in app
    await wrap_app_handling_exceptions(app, request)(scope, receive, send)
  File "C:\Users\hecol\Documents\New project 3\glucotracker\backend\.venv\Lib\site-packages\starlette\_exception_handler.py", line 53, in wrapped_app
    raise exc
  File "C:\Users\hecol\Documents\New project 3\glucotracker\backend\.venv\Lib\site-packages\starlette\_exception_handler.py", line 42, in wrapped_app
    await app(scope, receive, sender)
  File "C:\Users\hecol\Documents\New project 3\glucotracker\backend\.venv\Lib\site-packages\fastapi\routing.py", line 120, in app
    response = await f(request)
               ^^^^^^^^^^^^^^^^
  File "C:\Users\hecol\Documents\New project 3\glucotracker\backend\.venv\Lib\site-packages\fastapi\routing.py", line 695, in app
    content = await serialize_response(
              ^^^^^^^^^^^^^^^^^^^^^^^^^
  File "C:\Users\hecol\Documents\New project 3\glucotracker\backend\.venv\Lib\site-packages\fastapi\routing.py", line 300, in serialize_response
    raise ResponseValidationError(
fastapi.exceptions.ResponseValidationError: 1 validation error:
  {'type': 'string_type', 'loc': ('response', 'synced_at'), 'msg': 'Input should be a valid string', 'input': datetime.datetime(2026, 5, 1, 16, 53, 6, 143591)}

  File "C:\Users\hecol\Documents\New project 3\glucotracker\backend\glucotracker\api\routers\activity.py", line 103, in sync_activity
    POST /activity/sync
←[32mINFO←[0m:     192.168.3.15:45640 - "←[1mPOST /activity/sync HTTP/1.1←[0m" ←[91m500 Internal Server Error←[0m
←[31mERROR←[0m:    Exception in ASGI application
Traceback (most recent call last):
  File "C:\Users\hecol\Documents\New project 3\glucotracker\backend\.venv\Lib\site-packages\uvicorn\protocols\http\h11_impl.py", line 415, in run_asgi
    result = await app(  # type: ignore[func-returns-value]
             ^^^^^^^^^^^^^^^^^^^^^^^^^^^^^^^^^^^^^^^^^^^^^^
  File "C:\Users\hecol\Documents\New project 3\glucotracker\backend\.venv\Lib\site-packages\uvicorn\middleware\proxy_headers.py", line 56, in __call__
    return await self.app(scope, receive, send)
           ^^^^^^^^^^^^^^^^^^^^^^^^^^^^^^^^^^^^
  File "C:\Users\hecol\Documents\New project 3\glucotracker\backend\.venv\Lib\site-packages\fastapi\applications.py", line 1159, in __call__
    await super().__call__(scope, receive, send)
  File "C:\Users\hecol\Documents\New project 3\glucotracker\backend\.venv\Lib\site-packages\starlette\applications.py", line 90, in __call__
    await self.middleware_stack(scope, receive, send)
  File "C:\Users\hecol\Documents\New project 3\glucotracker\backend\.venv\Lib\site-packages\starlette\middleware\errors.py", line 186, in __call__
    raise exc
  File "C:\Users\hecol\Documents\New project 3\glucotracker\backend\.venv\Lib\site-packages\starlette\middleware\errors.py", line 164, in __call__
    await self.app(scope, receive, _send)
  File "C:\Users\hecol\Documents\New project 3\glucotracker\backend\.venv\Lib\site-packages\starlette\middleware\exceptions.py", line 63, in __call__
    await wrap_app_handling_exceptions(self.app, conn)(scope, receive, send)
  File "C:\Users\hecol\Documents\New project 3\glucotracker\backend\.venv\Lib\site-packages\starlette\_exception_handler.py", line 53, in wrapped_app
    raise exc
  File "C:\Users\hecol\Documents\New project 3\glucotracker\backend\.venv\Lib\site-packages\starlette\_exception_handler.py", line 42, in wrapped_app
    await app(scope, receive, sender)
  File "C:\Users\hecol\Documents\New project 3\glucotracker\backend\.venv\Lib\site-packages\fastapi\middleware\asyncexitstack.py", line 18, in __call__
    await self.app(scope, receive, send)
  File "C:\Users\hecol\Documents\New project 3\glucotracker\backend\.venv\Lib\site-packages\starlette\routing.py", line 660, in __call__
    await self.middleware_stack(scope, receive, send)
  File "C:\Users\hecol\Documents\New project 3\glucotracker\backend\.venv\Lib\site-packages\starlette\routing.py", line 680, in app
    await route.handle(scope, receive, send)
  File "C:\Users\hecol\Documents\New project 3\glucotracker\backend\.venv\Lib\site-packages\starlette\routing.py", line 276, in handle
    await self.app(scope, receive, send)
  File "C:\Users\hecol\Documents\New project 3\glucotracker\backend\.venv\Lib\site-packages\fastapi\routing.py", line 134, in app
    await wrap_app_handling_exceptions(app, request)(scope, receive, send)
  File "C:\Users\hecol\Documents\New project 3\glucotracker\backend\.venv\Lib\site-packages\starlette\_exception_handler.py", line 53, in wrapped_app
    raise exc
  File "C:\Users\hecol\Documents\New project 3\glucotracker\backend\.venv\Lib\site-packages\starlette\_exception_handler.py", line 42, in wrapped_app
    await app(scope, receive, sender)
  File "C:\Users\hecol\Documents\New project 3\glucotracker\backend\.venv\Lib\site-packages\fastapi\routing.py", line 120, in app
    response = await f(request)
               ^^^^^^^^^^^^^^^^
  File "C:\Users\hecol\Documents\New project 3\glucotracker\backend\.venv\Lib\site-packages\fastapi\routing.py", line 695, in app
    content = await serialize_response(
              ^^^^^^^^^^^^^^^^^^^^^^^^^
  File "C:\Users\hecol\Documents\New project 3\glucotracker\backend\.venv\Lib\site-packages\fastapi\routing.py", line 300, in serialize_response
    raise ResponseValidationError(
fastapi.exceptions.ResponseValidationError: 1 validation error:
  {'type': 'string_type', 'loc': ('response', 'synced_at'), 'msg': 'Input should be a valid string', 'input': datetime.datetime(2026, 5, 1, 16, 53, 6, 143591)}

  File "C:\Users\hecol\Documents\New project 3\glucotracker\backend\glucotracker\api\routers\activity.py", line 103, in sync_activity
    POST /activity/sync
